[2026-06-09 19时43分33秒] - [tid:-1] - GetSDKVersion
[2026-06-09 19时43分34秒] - [tid:-1] - InitWemeetSDK
[2026-06-09 19时43分34秒] - [tid:-1] - 16426790948
[2026-06-09 19时43分34秒] - [tid:-1] - eyJhbGciOiJIUzI1NiIsInR5cCI6IkpXVCJ9.eyJhdWQiOiJUZW5jZW50IE1lZXRpbmciLCJpYXQiOjE3ODEwMDU0MTQsImV4cCI6MTc4MzU5NzQxNCwiaXNzIjoiMTY0MjY3OTA5NDgifQ.7MaQM2dBsShDlivQai4BoTBhH1vTkPEd9xz_JJCn6k8
[2026-06-09 19时43分34秒] - [tid:-1] - /Users/liuqi/Library/Application Support/electron-app
[2026-06-09 19时43分34秒] - [tid:-1] - electron-app
[2026-06-09 19时43分34秒] - [tid:-1] - 
[2026-06-09 19时43分34秒] - [tid:-1] - zh-CN
[2026-06-09 19时43分34秒] - [tid:-1] - 
[2026-06-09 19时43分34秒] - [tid:-1] - 
[2026-06-09 20时00分44秒] - [tid:-1] - GetSDKVersion
[2026-06-09 20时00分47秒] - [tid:-1] - InitWemeetSDK
[2026-06-09 20时00分47秒] - [tid:-1] - 16426790948
[2026-06-09 20时00分47秒] - [tid:-1] - eyJhbGciOiJIUzI1NiIsInR5cCI6IkpXVCJ9.eyJhdWQiOiJUZW5jZW50IE1lZXRpbmciLCJpYXQiOjE3ODEwMDY0NDcsImV4cCI6MTc4MzU5ODQ0NywiaXNzIjoiMTY0MjY3OTA5NDgifQ.4mp1Dm2hlSWBbAwdJEIv1be9MlKMTGGfTWlxFXHsCpg
[2026-06-09 20时00分47秒] - [tid:-1] - /Users/liuqi/Library/Application Support/electron-app
[2026-06-09 20时00分47秒] - [tid:-1] - electron-app
[2026-06-09 20时00分47秒] - [tid:-1] - 
[2026-06-09 20时00分47秒] - [tid:-1] - zh-cn
[2026-06-09 20时00分47秒] - [tid:-1] - 
[2026-06-09 20时00分47秒] - [tid:-1] - 
[2026-06-09 20时05分07秒] - [tid:-1] - GetSDKVersion
[2026-06-09 20时05分07秒] - [tid:-1] - InitWemeetSDK
[2026-06-09 20时05分07秒] - [tid:-1] - 16426790948
[2026-06-09 20时05分07秒] - [tid:-1] - eyJhbGciOiJIUzI1NiIsInR5cCI6IkpXVCJ9.eyJhdWQiOiJUZW5jZW50IE1lZXRpbmciLCJpYXQiOjE3ODEwMDY3MDcsImV4cCI6MTc4MzU5ODcwNywiaXNzIjoiMTY0MjY3OTA5NDgifQ.EEjrQEecJp6Jq2tLbjjxUKvDf4VDogZgO9DD7NWP_B4
[2026-06-09 20时05分07秒] - [tid:-1] - /Users/liuqi/Library/Application Support/electron-app
[2026-06-09 20时05分07秒] - [tid:-1] - electron-app
[2026-06-09 20时05分07秒] - [tid:-1] - 
[2026-06-09 20时05分07秒] - [tid:-1] - zh-cn
[2026-06-09 20时05分07秒] - [tid:-1] - 
[2026-06-09 20时05分07秒] - [tid:-1] - 
[2026-06-09 20时08分01秒] - [tid:-1] - GetSDKVersion
[2026-06-09 20时08分01秒] - [tid:-1] - InitWemeetSDK
[2026-06-09 20时08分01秒] - [tid:-1] - 16426790948
[2026-06-09 20时08分01秒] - [tid:-1] - eyJhbGciOiJIUzI1NiIsInR5cCI6IkpXVCJ9.eyJhdWQiOiJUZW5jZW50IE1lZXRpbmciLCJpYXQiOjE3ODEwMDY4ODEsImV4cCI6MTc4MzU5ODg4MSwiaXNzIjoiMTY0MjY3OTA5NDgifQ.UPxgU243S0vB6Ol6pFzTm8C_3n1QBKhE5njSlOFx10k
[2026-06-09 20时08分01秒] - [tid:-1] - /Users/liuqi/Library/Application Support/electron-app
[2026-06-09 20时08分01秒] - [tid:-1] - electron-app
[2026-06-09 20时08分01秒] - [tid:-1] - 
[2026-06-09 20时08分01秒] - [tid:-1] - zh-cn
[2026-06-09 20时08分01秒] - [tid:-1] - 
[2026-06-09 20时08分01秒] - [tid:-1] - 
[2026-06-09 20时09分40秒] - [tid:-1] - GetSDKVersion
[2026-06-09 20时09分41秒] - [tid:-1] - InitWemeetSDK
[2026-06-09 20时09分41秒] - [tid:-1] - 16426790948
[2026-06-09 20时09分41秒] - [tid:-1] - eyJhbGciOiJIUzI1NiIsInR5cCI6IkpXVCJ9.eyJhdWQiOiJUZW5jZW50IE1lZXRpbmciLCJpYXQiOjE3ODEwMDY5ODEsImV4cCI6MTc4MzU5ODk4MSwiaXNzIjoiMTY0MjY3OTA5NDgifQ.fdryMGfN-WyhckeXoCmn2QoASgiS1_tziVY0Lj0xROk
[2026-06-09 20时09分41秒] - [tid:-1] - /Users/liuqi/Library/Application Support/electron-app
[2026-06-09 20时09分41秒] - [tid:-1] - electron-app
[2026-06-09 20时09分41秒] - [tid:-1] - 
[2026-06-09 20时09分41秒] - [tid:-1] - zh-cn
[2026-06-09 20时09分41秒] - [tid:-1] - 
[2026-06-09 20时09分41秒] - [tid:-1] - 
[2026-06-09 20时20分25秒] - [tid:-1] - GetSDKVersion
[2026-06-09 20时20分26秒] - [tid:-1] - InitWemeetSDK
[2026-06-09 20时20分26秒] - [tid:-1] - 16426790948
[2026-06-09 20时20分26秒] - [tid:-1] - eyJhbGciOiJIUzI1NiIsInR5cCI6IkpXVCJ9.eyJhdWQiOiJUZW5jZW50IE1lZXRpbmciLCJpYXQiOjE3ODEwMDc2MjYsImV4cCI6MTc4MzU5OTYyNiwiaXNzIjoiMTY0MjY3OTA5NDgifQ.tZnQZ3G4nFTWlmVaPkTJg8YB_2mcg-Qfo4_x8RPc7KE
[2026-06-09 20时20分26秒] - [tid:-1] - /Users/liuqi/Library/Application Support/electron-app
[2026-06-09 20时20分26秒] - [tid:-1] - electron-app
[2026-06-09 20时20分26秒] - [tid:-1] - 
[2026-06-09 20时20分26秒] - [tid:-1] - zh-cn
[2026-06-09 20时20分26秒] - [tid:-1] - 
[2026-06-09 20时20分26秒] - [tid:-1] - 
[2026-06-09 20时22分48秒] - [tid:-1] - GetSDKVersion
[2026-06-09 20时22分48秒] - [tid:-1] - InitWemeetSDK
[2026-06-09 20时22分48秒] - [tid:-1] - 16426790948
[2026-06-09 20时22分48秒] - [tid:-1] - eyJhbGciOiJIUzI1NiIsInR5cCI6IkpXVCJ9.eyJhdWQiOiJUZW5jZW50IE1lZXRpbmciLCJpYXQiOjE3ODEwMDc3NjgsImV4cCI6MTc4MzU5OTc2OCwiaXNzIjoiMTY0MjY3OTA5NDgifQ.MV2ffscDi3X5ii3XwxsU3N1nlj9hTSSvdQgE7NTisK8
[2026-06-09 20时22分48秒] - [tid:-1] - /Users/liuqi/Library/Application Support/electron-app
[2026-06-09 20时22分48秒] - [tid:-1] - electron-app
[2026-06-09 20时22分48秒] - [tid:-1] - 
[2026-06-09 20时22分48秒] - [tid:-1] - zh-cn
[2026-06-09 20时22分48秒] - [tid:-1] - 
[2026-06-09 20时22分48秒] - [tid:-1] - 
